// Jest Snapshot v1, https://goo.gl/fbAQLP

exports[`snapshot 1`] = `
<button
  className="rounded py-1 px-2 bg-primary-500 text-primary-900 shadow-md hover:bg-secondary-500 hover:text-secondary-100 focus:outline-none focus:shadow-outline"
>
  The Fuolornis Fire Dragons
</button>
`;
